runtime:
  core_availability:
    0:
    24:

trace:
  name_to_thread_locality:
    Task_3: {numa_id: 1, core_id: 24}
    Task_1: {numa_id: 1, core_id: 24}
    Task_2: {numa_id: 0, core_id: 0}
