core_availability:
  0: {avail_until: 0.0}

exec_name_total_offsets:
  Task_4:
  Task_3:
  Task_5:
  Task_2:
  Task_1:
