trace:
  name_to_thread_locality:
    Task_1: {numa_id: 0, core_id: 0}
    Task_2: {numa_id: 1, core_id: 24}
    Task_3: {numa_id: 1, core_id: 24}
