exec_name_total_offsets:
  Task_3:
  Task_4:
  Task_2:
  Task_5:
  Task_1:
