trace:
  exec_name_total_offsets:
    Task_4:
    Task_3:
    Task_5:
    Task_2:
    Task_1:
